global vars
_CN7default5itemsE
_CN7default7threadsE
global funcs
_CAF7default8FooClass3fooHv
_CAO7default8FooClass3fooHvK_iiHv
_CGP7defaultiiHv
_CGP7defaultfiHv
_CGP7defaultilHv
_CGP7defaultflHv
_CGF7defaultU00000002OBFbwilHv
$default$GVI
$default$Patch$GC$FooClass$GC$foo$$default.FooClass$GF
_CN7default8FooClass3fooHvEL_E
_CCN7default8FooClass3fooHvEL_E$g
_CCN7default8FooClass3fooHvEL_E$i
types
$default$PatchImpl$GC
$CiF0uvE
$ClN7default8FooClass3fooHvEL_E$0
$CiF0uCNat6ThreadECNat9ExceptionEE
$CiF0uCNat5ErrorEE
$CiF0bvE
$CiF0llE