global vars
global funcs
_CN4p.p18FooClass3barHv
_CN4p.p18FooClass3bazHv
_CN4p.p18FooClass4fizzHv
_CN4p.p18FooClass4buzzHv
_CAF4p.p18FooClass3fooHv
_CAO4p.p18FooClass3fooHvK_iiHv
_CGP4p.p1iiHv
_CGP4p.p1fiHv
_CGP4p.p1ilHv
_CGP4p.p1flHv
$p.p1$GVI
$p.p1$Patch$GC$FooClass$GC$foo$$p.p1.FooClass$GF
types
$p.p1$PatchImpl$GC